Archive member included to satisfy reference by file (symbol)

c:/program files (x86)/atollic/truestudio for stm32 9.3.0/armtools/bin/../lib/gcc/arm-atollic-eabi/6.3.1/../../../../arm-atollic-eabi/lib/armv7e-m/fpu/fpv5-d16\libc_nano.a(lib_a-errno.o)
                              Core\Src\syscalls.o (__errno)
c:/program files (x86)/atollic/truestudio for stm32 9.3.0/armtools/bin/../lib/gcc/arm-atollic-eabi/6.3.1/../../../../arm-atollic-eabi/lib/armv7e-m/fpu/fpv5-d16\libc_nano.a(lib_a-impure.o)
                              c:/program files (x86)/atollic/truestudio for stm32 9.3.0/armtools/bin/../lib/gcc/arm-atollic-eabi/6.3.1/../../../../arm-atollic-eabi/lib/armv7e-m/fpu/fpv5-d16\libc_nano.a(lib_a-errno.o) (_impure_ptr)
c:/program files (x86)/atollic/truestudio for stm32 9.3.0/armtools/bin/../lib/gcc/arm-atollic-eabi/6.3.1/../../../../arm-atollic-eabi/lib/armv7e-m/fpu/fpv5-d16\libc_nano.a(lib_a-init.o)
                              startup\startup_stm32h743xx.o (__libc_init_array)
c:/program files (x86)/atollic/truestudio for stm32 9.3.0/armtools/bin/../lib/gcc/arm-atollic-eabi/6.3.1/../../../../arm-atollic-eabi/lib/armv7e-m/fpu/fpv5-d16\libc_nano.a(lib_a-memset.o)
                              Core\Src\fmc.o (memset)

Allocating common symbols
Common symbol       size              file

sd_tx_buf           0x200             Core\Src\main.o
command             0x10              Core\Src\IS42S16320F.o
uwTick              0x4               Drivers\STM32H7xx_HAL_Driver\Src\stm32h7xx_hal.o
pFlash              0x1c              Drivers\STM32H7xx_HAL_Driver\Src\stm32h7xx_hal_flash.o
hsram1              0x4c              Core\Src\fmc.o
sd_rx_buf           0x200             Core\Src\main.o
hal_stat            0x1               Core\Src\IS42S16320F.o
hsdram1             0x34              Core\Src\fmc.o

Discarded input sections

 .text          0x00000000        0x0 c:/program files (x86)/atollic/truestudio for stm32 9.3.0/armtools/bin/../lib/gcc/arm-atollic-eabi/6.3.1/armv7e-m/fpu/fpv5-d16/crti.o
 .data          0x00000000        0x0 c:/program files (x86)/atollic/truestudio for stm32 9.3.0/armtools/bin/../lib/gcc/arm-atollic-eabi/6.3.1/armv7e-m/fpu/fpv5-d16/crti.o
 .bss           0x00000000        0x0 c:/program files (x86)/atollic/truestudio for stm32 9.3.0/armtools/bin/../lib/gcc/arm-atollic-eabi/6.3.1/armv7e-m/fpu/fpv5-d16/crti.o
 .data          0x00000000        0x4 c:/program files (x86)/atollic/truestudio for stm32 9.3.0/armtools/bin/../lib/gcc/arm-atollic-eabi/6.3.1/armv7e-m/fpu/fpv5-d16/crtbegin.o
 .text          0x00000000        0x0 Core\Src\IS42S16320F.o
 .data          0x00000000        0x0 Core\Src\IS42S16320F.o
 .bss           0x00000000        0x0 Core\Src\IS42S16320F.o
 .text          0x00000000        0x0 Core\Src\fmc.o
 .data          0x00000000        0x0 Core\Src\fmc.o
 .bss           0x00000000        0x0 Core\Src\fmc.o
 .bss.FMC_DeInitialized
                0x00000000        0x4 Core\Src\fmc.o
 .text.HAL_FMC_MspDeInit
                0x00000000       0x8c Core\Src\fmc.o
 .text.HAL_SRAM_MspDeInit
                0x00000000       0x14 Core\Src\fmc.o
 .text.HAL_SDRAM_MspDeInit
                0x00000000       0x14 Core\Src\fmc.o
 .text          0x00000000        0x0 Core\Src\gpio.o
 .data          0x00000000        0x0 Core\Src\gpio.o
 .bss           0x00000000        0x0 Core\Src\gpio.o
 .text          0x00000000        0x0 Core\Src\led_task.o
 .data          0x00000000        0x0 Core\Src\led_task.o
 .bss           0x00000000        0x0 Core\Src\led_task.o
 .text          0x00000000        0x0 Core\Src\main.o
 .data          0x00000000        0x0 Core\Src\main.o
 .bss           0x00000000        0x0 Core\Src\main.o
 .text.fillBufferLine16
                0x00000000       0x42 Core\Src\main.o
 .text.fillBufferOnes16
                0x00000000       0x42 Core\Src\main.o
 .text          0x00000000        0x0 Core\Src\stm32h7xx_hal_msp.o
 .data          0x00000000        0x0 Core\Src\stm32h7xx_hal_msp.o
 .bss           0x00000000        0x0 Core\Src\stm32h7xx_hal_msp.o
 .text          0x00000000        0x0 Core\Src\stm32h7xx_it.o
 .data          0x00000000        0x0 Core\Src\stm32h7xx_it.o
 .bss           0x00000000        0x0 Core\Src\stm32h7xx_it.o
 .text          0x00000000        0x0 Core\Src\syscalls.o
 .data          0x00000000        0x0 Core\Src\syscalls.o
 .bss           0x00000000        0x0 Core\Src\syscalls.o
 .bss.__env     0x00000000        0x4 Core\Src\syscalls.o
 .data.environ  0x00000000        0x4 Core\Src\syscalls.o
 .text.initialise_monitor_handles
                0x00000000        0xe Core\Src\syscalls.o
 .text._getpid  0x00000000       0x10 Core\Src\syscalls.o
 .text._kill    0x00000000       0x20 Core\Src\syscalls.o
 .text._exit    0x00000000       0x14 Core\Src\syscalls.o
 .text._read    0x00000000       0x3a Core\Src\syscalls.o
 .text._write   0x00000000       0x38 Core\Src\syscalls.o
 .bss.heap_end.7010
                0x00000000        0x4 Core\Src\syscalls.o
[...]
Memory Configuration

Name             Origin             Length             Attributes
DTCMRAM          0x20000000         0x00020000         xrw
RAM_D1           0x24000000         0x00080000         xrw
RAM_D2           0x30000000         0x00048000         xrw
RAM_D3           0x38000000         0x00010000         xrw
ITCMRAM          0x00000000         0x00010000         xrw
FLASH            0x08000000         0x00200000         xr
*default*        0x00000000         0xffffffff

Linker script and memory map

LOAD c:/program files (x86)/atollic/truestudio for stm32 9.3.0/armtools/bin/../lib/gcc/arm-atollic-eabi/6.3.1/armv7e-m/fpu/fpv5-d16/crti.o
LOAD c:/program files (x86)/atollic/truestudio for stm32 9.3.0/armtools/bin/../lib/gcc/arm-atollic-eabi/6.3.1/armv7e-m/fpu/fpv5-d16/crtbegin.o
LOAD Core\Src\IS42S16320F.o
LOAD Core\Src\fmc.o
LOAD Core\Src\gpio.o
LOAD Core\Src\led_task.o
LOAD Core\Src\main.o
LOAD Core\Src\stm32h7xx_hal_msp.o
LOAD Core\Src\stm32h7xx_it.o
LOAD Core\Src\syscalls.o
LOAD Core\Src\system_stm32h7xx.o
LOAD Drivers\STM32H7xx_HAL_Driver\Src\stm32h7xx_hal.o
LOAD Drivers\STM32H7xx_HAL_Driver\Src\stm32h7xx_hal_cortex.o
LOAD Drivers\STM32H7xx_HAL_Driver\Src\stm32h7xx_hal_dma.o
LOAD Drivers\STM32H7xx_HAL_Driver\Src\stm32h7xx_hal_dma_ex.o
LOAD Drivers\STM32H7xx_HAL_Driver\Src\stm32h7xx_hal_exti.o
LOAD Drivers\STM32H7xx_HAL_Driver\Src\stm32h7xx_hal_flash.o
LOAD Drivers\STM32H7xx_HAL_Driver\Src\stm32h7xx_hal_flash_ex.o
LOAD Drivers\STM32H7xx_HAL_Driver\Src\stm32h7xx_hal_gpio.o
LOAD Drivers\STM32H7xx_HAL_Driver\Src\stm32h7xx_hal_hsem.o
LOAD Drivers\STM32H7xx_HAL_Driver\Src\stm32h7xx_hal_i2c.o
LOAD Drivers\STM32H7xx_HAL_Driver\Src\stm32h7xx_hal_i2c_ex.o
LOAD Drivers\STM32H7xx_HAL_Driver\Src\stm32h7xx_hal_mdma.o
LOAD Drivers\STM32H7xx_HAL_Driver\Src\stm32h7xx_hal_pwr.o
LOAD Drivers\STM32H7xx_HAL_Driver\Src\stm32h7xx_hal_pwr_ex.o
LOAD Drivers\STM32H7xx_HAL_Driver\Src\stm32h7xx_hal_rcc.o
LOAD Drivers\STM32H7xx_HAL_Driver\Src\stm32h7xx_hal_rcc_ex.o
LOAD Drivers\STM32H7xx_HAL_Driver\Src\stm32h7xx_hal_sdram.o
LOAD Drivers\STM32H7xx_HAL_Driver\Src\stm32h7xx_hal_sram.o
LOAD Drivers\STM32H7xx_HAL_Driver\Src\stm32h7xx_hal_tim.o
LOAD Drivers\STM32H7xx_HAL_Driver\Src\stm32h7xx_hal_tim_ex.o
LOAD Drivers\STM32H7xx_HAL_Driver\Src\stm32h7xx_ll_fmc.o
LOAD startup\startup_stm32h743xx.o
                0x00000080                malloc_getpagesize_P = 0x80
START GROUP
LOAD c:/program files (x86)/atollic/truestudio for stm32 9.3.0/armtools/bin/../lib/gcc/arm-atollic-eabi/6.3.1/../../../../arm-atollic-eabi/lib/armv7e-m/fpu/fpv5-d16\libc_nano.a
LOAD c:/program files (x86)/atollic/truestudio for stm32 9.3.0/armtools/bin/../lib/gcc/arm-atollic-eabi/6.3.1/../../../../arm-atollic-eabi/lib/armv7e-m/fpu/fpv5-d16\libm.a
END GROUP
START GROUP
LOAD c:/program files (x86)/atollic/truestudio for stm32 9.3.0/armtools/bin/../lib/gcc/arm-atollic-eabi/6.3.1/armv7e-m/fpu/fpv5-d16\libgcc.a
LOAD c:/program files (x86)/atollic/truestudio for stm32 9.3.0/armtools/bin/../lib/gcc/arm-atollic-eabi/6.3.1/../../../../arm-atollic-eabi/lib/armv7e-m/fpu/fpv5-d16\libc_nano.a
END GROUP
START GROUP
LOAD c:/program files (x86)/atollic/truestudio for stm32 9.3.0/armtools/bin/../lib/gcc/arm-atollic-eabi/6.3.1/armv7e-m/fpu/fpv5-d16\libgcc.a
LOAD c:/program files (x86)/atollic/truestudio for stm32 9.3.0/armtools/bin/../lib/gcc/arm-atollic-eabi/6.3.1/../../../../arm-atollic-eabi/lib/armv7e-m/fpu/fpv5-d16\libc_nano.a
LOAD c:/program files (x86)/atollic/truestudio for stm32 9.3.0/armtools/bin/../lib/gcc/arm-atollic-eabi/6.3.1/../../../../arm-atollic-eabi/lib/armv7e-m/fpu/fpv5-d16\libnosys.a
END GROUP
START GROUP
LOAD c:/program files (x86)/atollic/truestudio for stm32 9.3.0/armtools/bin/../lib/gcc/arm-atollic-eabi/6.3.1/armv7e-m/fpu/fpv5-d16\libgcc.a
LOAD c:/program files (x86)/atollic/truestudio for stm32 9.3.0/armtools/bin/../lib/gcc/arm-atollic-eabi/6.3.1/../../../../arm-atollic-eabi/lib/armv7e-m/fpu/fpv5-d16\libc_nano.a
LOAD c:/program files (x86)/atollic/truestudio for stm32 9.3.0/armtools/bin/../lib/gcc/arm-atollic-eabi/6.3.1/../../../../arm-atollic-eabi/lib/armv7e-m/fpu/fpv5-d16\libnosys.a
END GROUP
LOAD c:/program files (x86)/atollic/truestudio for stm32 9.3.0/armtools/bin/../lib/gcc/arm-atollic-eabi/6.3.1/armv7e-m/fpu/fpv5-d16/crtend.o
LOAD c:/program files (x86)/atollic/truestudio for stm32 9.3.0/armtools/bin/../lib/gcc/arm-atollic-eabi/6.3.1/armv7e-m/fpu/fpv5-d16/crtn.o
                0x20020000                _estack = 0x20020000
                0x00000800                _Min_Heap_Size = 0x800
                0x00000400                _Min_Stack_Size = 0x400

.isr_vector     0x08000000      0x298
                0x08000000                . = ALIGN (0x4)
 *(.isr_vector)
 .isr_vector    0x08000000      0x298 startup\startup_stm32h743xx.o
                0x08000000                g_pfnVectors
                0x08000298                . = ALIGN (0x4)

.text           0x08000298     0x3990
                0x08000298                . = ALIGN (0x4)
 *(.text)
 .text          0x08000298       0x40 c:/program files (x86)/atollic/truestudio for stm32 9.3.0/armtools/bin/../lib/gcc/arm-atollic-eabi/6.3.1/armv7e-m/fpu/fpv5-d16/crtbegin.o
 *(.text*)
 .text.IS42S16320F_init
                0x080002d8       0xe4 Core\Src\IS42S16320F.o
                0x080002d8                IS42S16320F_init
 .text.MX_FMC_Init
                0x080003bc      0x160 Core\Src\fmc.o
                0x080003bc                MX_FMC_Init
 .text.HAL_FMC_MspInit
                0x0800051c      0x1f8 Core\Src\fmc.o
 .text.HAL_SRAM_MspInit
                0x08000714       0x14 Core\Src\fmc.o
                0x08000714                HAL_SRAM_MspInit
 .text.HAL_SDRAM_MspInit
                0x08000728       0x14 Core\Src\fmc.o
                0x08000728                HAL_SDRAM_MspInit
 .text.MX_GPIO_Init
                0x0800073c      0x2ec Core\Src\gpio.o
                0x0800073c                MX_GPIO_Init
 .text.ledEnable0
                0x08000a28       0x24 Core\Src\led_task.o
                0x08000a28                ledEnable0
 .text.ledEnable1
                0x08000a4c       0x24 Core\Src\led_task.o
                0x08000a4c                ledEnable1
 .text.led_task
                0x08000a70       0x64 Core\Src\led_task.o
                0x08000a70                led_task
 .text.setBuffer16
                0x08000ad4       0x3a Core\Src\main.o
 *fill*         0x08000b0e        0x2 
 .text.main     0x08000b10      0x130 Core\Src\main.o
                0x08000b10                main
 .text.SystemClock_Config
                0x08000c40       0xf4 Core\Src\main.o
                0x08000c40                SystemClock_Config
 .text.Error_Handler
                0x08000d34        0x8 Core\Src\main.o
                0x08000d34                Error_Handler
 .text.HAL_MspInit
                0x08000d3c       0x34 Core\Src\stm32h7xx_hal_msp.o
                0x08000d3c                HAL_MspInit
 .text.NMI_Handler
                0x08000d70        0x6 Core\Src\stm32h7xx_it.o
                0x08000d70                NMI_Handler
 .text.HardFault_Handler
                0x08000d76        0x6 Core\Src\stm32h7xx_it.o
                0x08000d76                HardFault_Handler
 .text.MemManage_Handler
                0x08000d7c        0x6 Core\Src\stm32h7xx_it.o
                0x08000d7c                MemManage_Handler
 .text.BusFault_Handler
                0x08000d82        0x6 Core\Src\stm32h7xx_it.o
                0x08000d82                BusFault_Handler
 .text.UsageFault_Handler
                0x08000d88        0x6 Core\Src\stm32h7xx_it.o
                0x08000d88                UsageFault_Handler
 .text.SVC_Handler
                0x08000d8e        0xe Core\Src\stm32h7xx_it.o
                0x08000d8e                SVC_Handler
 .text.DebugMon_Handler
                0x08000d9c        0xe Core\Src\stm32h7xx_it.o
                0x08000d9c                DebugMon_Handler
 .text.PendSV_Handler
                0x08000daa        0xe Core\Src\stm32h7xx_it.o
                0x08000daa                PendSV_Handler
 .text.SysTick_Handler
                0x08000db8        0xc Core\Src\stm32h7xx_it.o
                0x08000db8                SysTick_Handler
 .text.SystemInit
                0x08000dc4      0x118 Core\Src\system_stm32h7xx.o
                0x08000dc4                SystemInit
 .text.HAL_Init
                0x08000edc       0x78 Drivers\STM32H7xx_HAL_Driver\Src\stm32h7xx_hal.o
                0x08000edc                HAL_Init
 .text.HAL_InitTick
                0x08000f54       0x6c Drivers\STM32H7xx_HAL_Driver\Src\stm32h7xx_hal.o
                0x08000f54                HAL_InitTick
 .text.HAL_IncTick
                0x08000fc0       0x28 Drivers\STM32H7xx_HAL_Driver\Src\stm32h7xx_hal.o
                0x08000fc0                HAL_IncTick
 .text.HAL_GetTick
                0x08000fe8       0x18 Drivers\STM32H7xx_HAL_Driver\Src\stm32h7xx_hal.o
                0x08000fe8                HAL_GetTick
 .text.HAL_Delay
                0x08001000       0x44 Drivers\STM32H7xx_HAL_Driver\Src\stm32h7xx_hal.o
                0x08001000                HAL_Delay
 .text.HAL_GetREVID
                0x08001044       0x18 Drivers\STM32H7xx_HAL_Driver\Src\stm32h7xx_hal.o
                0x08001044                HAL_GetREVID
 .text.__NVIC_SetPriorityGrouping
                0x0800105c       0x48 Drivers\STM32H7xx_HAL_Driver\Src\stm32h7xx_hal_cortex.o
 .text.__NVIC_GetPriorityGrouping
                0x080010a4       0x1c Drivers\STM32H7xx_HAL_Driver\Src\stm32h7xx_hal_cortex.o
 .text.__NVIC_SetPriority
                0x080010c0       0x54 Drivers\STM32H7xx_HAL_Driver\Src\stm32h7xx_hal_cortex.o
 .text.NVIC_EncodePriority
                0x08001114       0x62 Drivers\STM32H7xx_HAL_Driver\Src\stm32h7xx_hal_cortex.o
 *fill*         0x08001176        0x2 
 .text.SysTick_Config
                0x08001178       0x44 Drivers\STM32H7xx_HAL_Driver\Src\stm32h7xx_hal_cortex.o
 .text.HAL_NVIC_SetPriorityGrouping
                0x080011bc       0x16 Drivers\STM32H7xx_HAL_Driver\Src\stm32h7xx_hal_cortex.o
                0x080011bc                HAL_NVIC_SetPriorityGrouping
 .text.HAL_NVIC_SetPriority
                0x080011d2       0x34 Drivers\STM32H7xx_HAL_Driver\Src\stm32h7xx_hal_cortex.o
                0x080011d2                HAL_NVIC_SetPriority
 .text.HAL_SYSTICK_Config
                0x08001206       0x18 Drivers\STM32H7xx_HAL_Driver\Src\stm32h7xx_hal_cortex.o
                0x08001206                HAL_SYSTICK_Config
 *fill*         0x0800121e        0x2 
 .text.HAL_GPIO_Init
                0x08001220      0x360 Drivers\STM32H7xx_HAL_Driver\Src\stm32h7xx_hal_gpio.o
                0x08001220                HAL_GPIO_Init
 .text.HAL_GPIO_WritePin
                0x08001580       0x32 Drivers\STM32H7xx_HAL_Driver\Src\stm32h7xx_hal_gpio.o
                0x08001580                HAL_GPIO_WritePin
 *fill*         0x080015b2        0x2 
 .text.HAL_PWREx_ConfigSupply
                0x080015b4       0x74 Drivers\STM32H7xx_HAL_Driver\Src\stm32h7xx_hal_pwr_ex.o
                0x080015b4                HAL_PWREx_ConfigSupply
 .text.HAL_RCC_OscConfig
                0x08001628      0x820 Drivers\STM32H7xx_HAL_Driver\Src\stm32h7xx_hal_rcc.o
                0x08001628                HAL_RCC_OscConfig
 .text.HAL_RCC_ClockConfig
                0x08001e48      0x36c Drivers\STM32H7xx_HAL_Driver\Src\stm32h7xx_hal_rcc.o
                0x08001e48                HAL_RCC_ClockConfig
 .text.HAL_RCC_GetSysClockFreq
                0x080021b4      0x2e4 Drivers\STM32H7xx_HAL_Driver\Src\stm32h7xx_hal_rcc.o
                0x080021b4                HAL_RCC_GetSysClockFreq
 .text.HAL_RCCEx_PeriphCLKConfig
                0x08002498      0xdfc Drivers\STM32H7xx_HAL_Driver\Src\stm32h7xx_hal_rcc_ex.o
                0x08002498                HAL_RCCEx_PeriphCLKConfig
 .text.RCCEx_PLL2_Config
                0x08003294      0x164 Drivers\STM32H7xx_HAL_Driver\Src\stm32h7xx_hal_rcc_ex.o
 .text.RCCEx_PLL3_Config
                0x080033f8      0x164 Drivers\STM32H7xx_HAL_Driver\Src\stm32h7xx_hal_rcc_ex.o
 .text.HAL_SDRAM_Init
                0x0800355c       0x78 Drivers\STM32H7xx_HAL_Driver\Src\stm32h7xx_hal_sdram.o
                0x0800355c                HAL_SDRAM_Init
 .text.HAL_SDRAM_SendCommand
                0x080035d4       0x6a Drivers\STM32H7xx_HAL_Driver\Src\stm32h7xx_hal_sdram.o
                0x080035d4                HAL_SDRAM_SendCommand
 .text.HAL_SDRAM_ProgramRefreshRate
                0x0800363e       0x50 Drivers\STM32H7xx_HAL_Driver\Src\stm32h7xx_hal_sdram.o
                0x0800363e                HAL_SDRAM_ProgramRefreshRate
 *fill*         0x0800368e        0x2 
 .text.HAL_SRAM_Init
                0x08003690       0xa0 Drivers\STM32H7xx_HAL_Driver\Src\stm32h7xx_hal_sram.o
                0x08003690                HAL_SRAM_Init
 .text.FMC_NORSRAM_Init
                0x08003730      0x120 Drivers\STM32H7xx_HAL_Driver\Src\stm32h7xx_ll_fmc.o
                0x08003730                FMC_NORSRAM_Init
 .text.FMC_NORSRAM_Timing_Init
                0x08003850       0xa0 Drivers\STM32H7xx_HAL_Driver\Src\stm32h7xx_ll_fmc.o
                0x08003850                FMC_NORSRAM_Timing_Init
 .text.FMC_NORSRAM_Extended_Timing_Init
                0x080038f0       0x70 Drivers\STM32H7xx_HAL_Driver\Src\stm32h7xx_ll_fmc.o
                0x080038f0                FMC_NORSRAM_Extended_Timing_Init
 .text.FMC_SDRAM_Init
                0x08003960       0xb8 Drivers\STM32H7xx_HAL_Driver\Src\stm32h7xx_ll_fmc.o
                0x08003960                FMC_SDRAM_Init
 .text.FMC_SDRAM_Timing_Init
                0x08003a18       0xd4 Drivers\STM32H7xx_HAL_Driver\Src\stm32h7xx_ll_fmc.o
                0x08003a18                FMC_SDRAM_Timing_Init
 .text.FMC_SDRAM_SendCommand
                0x08003aec       0x48 Drivers\STM32H7xx_HAL_Driver\Src\stm32h7xx_ll_fmc.o
                0x08003aec                FMC_SDRAM_SendCommand
 .text.FMC_SDRAM_ProgramRefreshRate
                0x08003b34       0x30 Drivers\STM32H7xx_HAL_Driver\Src\stm32h7xx_ll_fmc.o
                0x08003b34                FMC_SDRAM_ProgramRefreshRate
 .text.Reset_Handler
                0x08003b64       0x50 startup\startup_stm32h743xx.o
                0x08003b64                Reset_Handler
 .text.Default_Handler
                0x08003bb4        0x2 startup\startup_stm32h743xx.o
                0x08003bb4                RTC_Alarm_IRQHandler
                0x08003bb4                EXTI2_IRQHandler
                0x08003bb4                TIM8_CC_IRQHandler
                0x08003bb4                HRTIM1_Master_IRQHandler
                0x08003bb4                UART8_IRQHandler
                0x08003bb4                SPI4_IRQHandler
                0x08003bb4                TIM1_CC_IRQHandler
                0x08003bb4                BDMA_Channel6_IRQHandler
                0x08003bb4                DMA2_Stream5_IRQHandler
                0x08003bb4                HRTIM1_FLT_IRQHandler
                0x08003bb4                JPEG_IRQHandler
                0x08003bb4                DMA1_Stream5_IRQHandler
                0x08003bb4                BDMA_Channel1_IRQHandler
                0x08003bb4                HRTIM1_TIMD_IRQHandler
                0x08003bb4                TAMP_STAMP_IRQHandler
                0x08003bb4                EXTI3_IRQHandler
                0x08003bb4                LPTIM4_IRQHandler
                0x08003bb4                TIM8_TRG_COM_TIM14_IRQHandler
                0x08003bb4                LPTIM2_IRQHandler
                0x08003bb4                DFSDM1_FLT1_IRQHandler
                0x08003bb4                DMAMUX2_OVR_IRQHandler
                0x08003bb4                TIM8_UP_TIM13_IRQHandler
                0x08003bb4                I2C3_ER_IRQHandler
                0x08003bb4                DFSDM1_FLT2_IRQHandler
                0x08003bb4                MDMA_IRQHandler
                0x08003bb4                LPTIM3_IRQHandler
                0x08003bb4                HSEM1_IRQHandler
                0x08003bb4                EXTI0_IRQHandler
                0x08003bb4                I2C2_EV_IRQHandler
                0x08003bb4                DMA1_Stream2_IRQHandler
                0x08003bb4                FPU_IRQHandler
                0x08003bb4                OTG_HS_WKUP_IRQHandler
                0x08003bb4                FDCAN1_IT1_IRQHandler
                0x08003bb4                LTDC_ER_IRQHandler
                0x08003bb4                DMA2_Stream2_IRQHandler
                0x08003bb4                HRTIM1_TIME_IRQHandler
                0x08003bb4                SPI1_IRQHandler
                0x08003bb4                TIM6_DAC_IRQHandler
                0x08003bb4                DCMI_IRQHandler
                0x08003bb4                HRTIM1_TIMC_IRQHandler
                0x08003bb4                DMA2_Stream3_IRQHandler
                0x08003bb4                SAI2_IRQHandler
                0x08003bb4                DFSDM1_FLT3_IRQHandler
                0x08003bb4                USART6_IRQHandler
                0x08003bb4                TIM17_IRQHandler
                0x08003bb4                USART3_IRQHandler
                0x08003bb4                BDMA_Channel7_IRQHandler
                0x08003bb4                LPTIM5_IRQHandler
                0x08003bb4                UART5_IRQHandler
                0x08003bb4                ADC3_IRQHandler
                0x08003bb4                DMA2_Stream0_IRQHandler
                0x08003bb4                TIM4_IRQHandler
                0x08003bb4                BDMA_Channel2_IRQHandler
                0x08003bb4                QUADSPI_IRQHandler
                0x08003bb4                I2C1_EV_IRQHandler
                0x08003bb4                DMA1_Stream6_IRQHandler
                0x08003bb4                DMAMUX1_OVR_IRQHandler
                0x08003bb4                DMA1_Stream1_IRQHandler
                0x08003bb4                TIM16_IRQHandler
                0x08003bb4                UART4_IRQHandler
                0x08003bb4                BDMA_Channel5_IRQHandler
                0x08003bb4                TIM3_IRQHandler
                0x08003bb4                RCC_IRQHandler
                0x08003bb4                TIM8_BRK_TIM12_IRQHandler
                0x08003bb4                TIM1_TRG_COM_IRQHandler
                0x08003bb4                Default_Handler
                0x08003bb4                ECC_IRQHandler
                0x08003bb4                CEC_IRQHandler
                0x08003bb4                EXTI15_10_IRQHandler
                0x08003bb4                BDMA_Channel0_IRQHandler
                0x08003bb4                ADC_IRQHandler
                0x08003bb4                DMA1_Stream7_IRQHandler
                0x08003bb4                HRTIM1_TIMA_IRQHandler
                0x08003bb4                SPI5_IRQHandler
                0x08003bb4                TIM7_IRQHandler
                0x08003bb4                SDMMC1_IRQHandler
                0x08003bb4                TIM5_IRQHandler
                0x08003bb4                DMA2_Stream7_IRQHandler
                0x08003bb4                TIM15_IRQHandler
                0x08003bb4                PVD_AVD_IRQHandler
                0x08003bb4                I2C3_EV_IRQHandler
                0x08003bb4                EXTI9_5_IRQHandler
                0x08003bb4                RTC_WKUP_IRQHandler
                0x08003bb4                LTDC_IRQHandler
                0x08003bb4                SAI3_IRQHandler
                0x08003bb4                ETH_WKUP_IRQHandler
                0x08003bb4                SPDIF_RX_IRQHandler
                0x08003bb4                SPI2_IRQHandler
                0x08003bb4                OTG_HS_EP1_IN_IRQHandler
                0x08003bb4                DMA1_Stream0_IRQHandler
                0x08003bb4                CRS_IRQHandler
                0x08003bb4                EXTI4_IRQHandler
                0x08003bb4                RNG_IRQHandler
                0x08003bb4                HRTIM1_TIMB_IRQHandler
                0x08003bb4                FDCAN2_IT1_IRQHandler
                0x08003bb4                ETH_IRQHandler
                0x08003bb4                TIM1_UP_IRQHandler
                0x08003bb4                BDMA_Channel4_IRQHandler
                0x08003bb4                OTG_HS_EP1_OUT_IRQHandler
                0x08003bb4                WWDG_IRQHandler
                0x08003bb4                SPI6_IRQHandler
                0x08003bb4                MDIOS_IRQHandler
                0x08003bb4                I2C4_EV_IRQHandler
                0x08003bb4                FDCAN2_IT0_IRQHandler
                0x08003bb4                LPUART1_IRQHandler
                0x08003bb4                FDCAN1_IT0_IRQHandler
                0x08003bb4                TIM2_IRQHandler
                0x08003bb4                OTG_FS_WKUP_IRQHandler
                0x08003bb4                OTG_HS_IRQHandler
                0x08003bb4                DMA2D_IRQHandler
                0x08003bb4                TIM1_BRK_IRQHandler
                0x08003bb4                EXTI1_IRQHandler
                0x08003bb4                SDMMC2_IRQHandler
                0x08003bb4                OTG_FS_EP1_OUT_IRQHandler
                0x08003bb4                BDMA_Channel3_IRQHandler
                0x08003bb4                UART7_IRQHandler
                0x08003bb4                MDIOS_WKUP_IRQHandler
                0x08003bb4                USART2_IRQHandler
                0x08003bb4                DFSDM1_FLT0_IRQHandler
                0x08003bb4                SAI4_IRQHandler
                0x08003bb4                I2C2_ER_IRQHandler
                0x08003bb4                DMA2_Stream1_IRQHandler
                0x08003bb4                FLASH_IRQHandler
                0x08003bb4                DMA2_Stream4_IRQHandler
                0x08003bb4                USART1_IRQHandler
                0x08003bb4                OTG_FS_IRQHandler
                0x08003bb4                SPI3_IRQHandler
                0x08003bb4                WAKEUP_PIN_IRQHandler
                0x08003bb4                DMA1_Stream4_IRQHandler
                0x08003bb4                OTG_FS_EP1_IN_IRQHandler
                0x08003bb4                I2C1_ER_IRQHandler
                0x08003bb4                FMC_IRQHandler
                0x08003bb4                FDCAN_CAL_IRQHandler
                0x08003bb4                SWPMI1_IRQHandler
                0x08003bb4                COMP1_IRQHandler
                0x08003bb4                LPTIM1_IRQHandler
                0x08003bb4                I2C4_ER_IRQHandler
                0x08003bb4                DMA2_Stream6_IRQHandler
                0x08003bb4                SAI1_IRQHandler
                0x08003bb4                DMA1_Stream3_IRQHandler
 *fill*         0x08003bb6        0x2 
 .text.__libc_init_array
                0x08003bb8       0x48 c:/program files (x86)/atollic/truestudio for stm32 9.3.0/armtools/bin/../lib/gcc/arm-atollic-eabi/6.3.1/../../../../arm-atollic-eabi/lib/armv7e-m/fpu/fpv5-d16\libc_nano.a(lib_a-init.o)
                0x08003bb8                __libc_init_array
 .text.memset   0x08003c00       0x10 c:/program files (x86)/atollic/truestudio for stm32 9.3.0/armtools/bin/../lib/gcc/arm-atollic-eabi/6.3.1/../../../../arm-atollic-eabi/lib/armv7e-m/fpu/fpv5-d16\libc_nano.a(lib_a-memset.o)
                0x08003c00                memset
 *(.glue_7)
 .glue_7        0x08003c10        0x0 linker stubs
 *(.glue_7t)
 .glue_7t       0x08003c10        0x0 linker stubs
 *(.eh_frame)
 .eh_frame      0x08003c10        0x0 c:/program files (x86)/atollic/truestudio for stm32 9.3.0/armtools/bin/../lib/gcc/arm-atollic-eabi/6.3.1/armv7e-m/fpu/fpv5-d16/crtbegin.o
 *(.init)
 .init          0x08003c10        0x4 c:/program files (x86)/atollic/truestudio for stm32 9.3.0/armtools/bin/../lib/gcc/arm-atollic-eabi/6.3.1/armv7e-m/fpu/fpv5-d16/crti.o
                0x08003c10                _init
 .init          0x08003c14        0x8 c:/program files (x86)/atollic/truestudio for stm32 9.3.0/armtools/bin/../lib/gcc/arm-atollic-eabi/6.3.1/armv7e-m/fpu/fpv5-d16/crtn.o
 *(.fini)
 .fini          0x08003c1c        0x4 c:/program files (x86)/atollic/truestudio for stm32 9.3.0/armtools/bin/../lib/gcc/arm-atollic-eabi/6.3.1/armv7e-m/fpu/fpv5-d16/crti.o
                0x08003c1c                _fini
 .fini          0x08003c20        0x8 c:/program files (x86)/atollic/truestudio for stm32 9.3.0/armtools/bin/../lib/gcc/arm-atollic-eabi/6.3.1/armv7e-m/fpu/fpv5-d16/crtn.o
                0x08003c28                . = ALIGN (0x4)
                0x08003c28                _etext = .

.vfp11_veneer   0x08003c28        0x0
 .vfp11_veneer  0x08003c28        0x0 linker stubs

.v4_bx          0x08003c28        0x0
 .v4_bx         0x08003c28        0x0 linker stubs

.iplt           0x08003c28        0x0
 .iplt          0x08003c28        0x0 c:/program files (x86)/atollic/truestudio for stm32 9.3.0/armtools/bin/../lib/gcc/arm-atollic-eabi/6.3.1/armv7e-m/fpu/fpv5-d16/crtbegin.o

.rodata         0x08003c28       0x10
                0x08003c28                . = ALIGN (0x4)
 *(.rodata)
 *(.rodata*)
 .rodata.D1CorePrescTable
                0x08003c28       0x10 Core\Src\system_stm32h7xx.o
                0x08003c28                D1CorePrescTable
                0x08003c38                . = ALIGN (0x4)

.rel.dyn        0x08003c38        0x0
 .rel.iplt      0x08003c38        0x0 c:/program files (x86)/atollic/truestudio for stm32 9.3.0/armtools/bin/../lib/gcc/arm-atollic-eabi/6.3.1/armv7e-m/fpu/fpv5-d16/crtbegin.o

.ARM.extab
 *(.ARM.extab* .gnu.linkonce.armextab.*)

.ARM            0x08003c38        0x0
                0x08003c38                __exidx_start = .
 *(.ARM.exidx*)
                0x08003c38                __exidx_end = .

.preinit_array  0x08003c38        0x0
                0x08003c38                PROVIDE (__preinit_array_start, .)
 *(.preinit_array*)
                0x08003c38                PROVIDE (__preinit_array_end, .)

.init_array     0x08003c38        0x4
                0x08003c38                PROVIDE (__init_array_start, .)
 *(SORT(.init_array.*))
 *(.init_array*)
 .init_array    0x08003c38        0x4 c:/program files (x86)/atollic/truestudio for stm32 9.3.0/armtools/bin/../lib/gcc/arm-atollic-eabi/6.3.1/armv7e-m/fpu/fpv5-d16/crtbegin.o
                0x08003c3c                PROVIDE (__init_array_end, .)

.fini_array     0x08003c3c        0x4
                [!provide]                PROVIDE (__fini_array_start, .)
 *(SORT(.fini_array.*))
 *(.fini_array*)
 .fini_array    0x08003c3c        0x4 c:/program files (x86)/atollic/truestudio for stm32 9.3.0/armtools/bin/../lib/gcc/arm-atollic-eabi/6.3.1/armv7e-m/fpu/fpv5-d16/crtbegin.o
                [!provide]                PROVIDE (__fini_array_end, .)
                0x08003c40                _sidata = LOADADDR (.data)

.data           0x20000000       0x10 load address 0x08003c40
                0x20000000                . = ALIGN (0x4)
                0x20000000                _sdata = .
 *(.data)
 *(.data*)
 .data.SystemCoreClock
                0x20000000        0x4 Core\Src\system_stm32h7xx.o
                0x20000000                SystemCoreClock
 .data.SystemD2Clock
                0x20000004        0x4 Core\Src\system_stm32h7xx.o
                0x20000004                SystemD2Clock
 .data.uwTickPrio
                0x20000008        0x4 Drivers\STM32H7xx_HAL_Driver\Src\stm32h7xx_hal.o
                0x20000008                uwTickPrio
 .data.uwTickFreq
                0x2000000c        0x1 Drivers\STM32H7xx_HAL_Driver\Src\stm32h7xx_hal.o
                0x2000000c                uwTickFreq
                0x20000010                . = ALIGN (0x4)
 *fill*         0x2000000d        0x3 
                0x20000010                _edata = .

.igot.plt       0x20000010        0x0 load address 0x08003c50
 .igot.plt      0x20000010        0x0 c:/program files (x86)/atollic/truestudio for stm32 9.3.0/armtools/bin/../lib/gcc/arm-atollic-eabi/6.3.1/armv7e-m/fpu/fpv5-d16/crtbegin.o
                0x20000010                . = ALIGN (0x4)

.bss            0x20000010      0x4c8 load address 0x08003c50
                0x20000010                _sbss = .
                0x20000010                __bss_start__ = _sbss
 *(.bss)
 .bss           0x20000010       0x1c c:/program files (x86)/atollic/truestudio for stm32 9.3.0/armtools/bin/../lib/gcc/arm-atollic-eabi/6.3.1/armv7e-m/fpu/fpv5-d16/crtbegin.o
 *(.bss*)
 .bss.FMC_Initialized
                0x2000002c        0x4 Core\Src\fmc.o
 .bss.cnt       0x20000030        0x1 Core\Src\led_task.o
 *fill*         0x20000031        0x3 
 .bss.tic       0x20000034        0x4 Core\Src\led_task.o
 .bss.toc       0x20000038        0x4 Core\Src\led_task.o
 .bss.data.10364
                0x2000003c        0x2 Core\Src\main.o
 *(COMMON)
 *fill*         0x2000003e        0x2 
 COMMON         0x20000040       0x11 Core\Src\IS42S16320F.o
                0x20000040                command
                0x20000050                hal_stat
 *fill*         0x20000051        0x3 
 COMMON         0x20000054       0x80 Core\Src\fmc.o
                0x20000054                hsram1
                0x200000a0                hsdram1
 COMMON         0x200000d4      0x400 Core\Src\main.o
                0x200000d4                sd_tx_buf
                0x200002d4                sd_rx_buf
 COMMON         0x200004d4        0x4 Drivers\STM32H7xx_HAL_Driver\Src\stm32h7xx_hal.o
                0x200004d4                uwTick
                0x200004d8                . = ALIGN (0x4)
                0x200004d8                _ebss = .
                0x200004d8                __bss_end__ = _ebss

._user_heap_stack
                0x200004d8      0xc00 load address 0x08003c50
                0x200004d8                . = ALIGN (0x4)
                0x200004d8                PROVIDE (end, .)
                [!provide]                PROVIDE (_end, .)
                0x20000cd8                . = (. + _Min_Heap_Size)
 *fill*         0x200004d8      0x800 
                0x200010d8                . = (. + _Min_Stack_Size)
 *fill*         0x20000cd8      0x400 
                0x200010d8                . = ALIGN (0x4)

/DISCARD/
 libc.a(*)
 libm.a(*)
 libgcc.a(*)

.ARM.attributes
                0x00000000       0x2e
 *(.ARM.attributes)
 .ARM.attributes
                0x00000000       0x20 c:/program files (x86)/atollic/truestudio for stm32 9.3.0/armtools/bin/../lib/gcc/arm-atollic-eabi/6.3.1/armv7e-m/fpu/fpv5-d16/crti.o
 .ARM.attributes
                0x00000020       0x32 c:/program files (x86)/atollic/truestudio for stm32 9.3.0/armtools/bin/../lib/gcc/arm-atollic-eabi/6.3.1/armv7e-m/fpu/fpv5-d16/crtbegin.o
 .ARM.attributes
                0x00000052       0x37 Core\Src\IS42S16320F.o
 .ARM.attributes
                0x00000089       0x37 Core\Src\fmc.o
 .ARM.attributes
                0x000000c0       0x37 Core\Src\gpio.o
 .ARM.attributes
                0x000000f7       0x37 Core\Src\led_task.o
 .ARM.attributes
                0x0000012e       0x37 Core\Src\main.o
 .ARM.attributes
                0x00000165       0x37 Core\Src\stm32h7xx_hal_msp.o
 .ARM.attributes
                0x0000019c       0x37 Core\Src\stm32h7xx_it.o
 .ARM.attributes
                0x000001d3       0x37 Core\Src\system_stm32h7xx.o
 .ARM.attributes
                0x0000020a       0x37 Drivers\STM32H7xx_HAL_Driver\Src\stm32h7xx_hal.o
 .ARM.attributes
                0x00000241       0x37 Drivers\STM32H7xx_HAL_Driver\Src\stm32h7xx_hal_cortex.o
 .ARM.attributes
                0x00000278       0x37 Drivers\STM32H7xx_HAL_Driver\Src\stm32h7xx_hal_gpio.o
 .ARM.attributes
                0x000002af       0x37 Drivers\STM32H7xx_HAL_Driver\Src\stm32h7xx_hal_pwr_ex.o
 .ARM.attributes
                0x000002e6       0x37 Drivers\STM32H7xx_HAL_Driver\Src\stm32h7xx_hal_rcc.o
 .ARM.attributes
                0x0000031d       0x37 Drivers\STM32H7xx_HAL_Driver\Src\stm32h7xx_hal_rcc_ex.o
 .ARM.attributes
                0x00000354       0x37 Drivers\STM32H7xx_HAL_Driver\Src\stm32h7xx_hal_sdram.o
 .ARM.attributes
                0x0000038b       0x37 Drivers\STM32H7xx_HAL_Driver\Src\stm32h7xx_hal_sram.o
 .ARM.attributes
                0x000003c2       0x37 Drivers\STM32H7xx_HAL_Driver\Src\stm32h7xx_ll_fmc.o
 .ARM.attributes
                0x000003f9       0x21 startup\startup_stm32h743xx.o
 .ARM.attributes
                0x0000041a       0x32 c:/program files (x86)/atollic/truestudio for stm32 9.3.0/armtools/bin/../lib/gcc/arm-atollic-eabi/6.3.1/../../../../arm-atollic-eabi/lib/armv7e-m/fpu/fpv5-d16\libc_nano.a(lib_a-init.o)
 .ARM.attributes
                0x0000044c       0x32 c:/program files (x86)/atollic/truestudio for stm32 9.3.0/armtools/bin/../lib/gcc/arm-atollic-eabi/6.3.1/../../../../arm-atollic-eabi/lib/armv7e-m/fpu/fpv5-d16\libc_nano.a(lib_a-memset.o)
 .ARM.attributes
                0x0000047e       0x20 c:/program files (x86)/atollic/truestudio for stm32 9.3.0/armtools/bin/../lib/gcc/arm-atollic-eabi/6.3.1/armv7e-m/fpu/fpv5-d16/crtn.o
OUTPUT(cnc3_sdram.elf elf32-littlearm)

.debug_info     0x00000000    0x17307
 .debug_info    0x00000000     0x1065 Core\Src\IS42S16320F.o
 .debug_info    0x00001065     0x1aed Core\Src\fmc.o
 .debug_info    0x00002b52     0x1043 Core\Src\gpio.o
 .debug_info    0x00003b95      0xbfe Core\Src\led_task.o
 .debug_info    0x00004793     0x1bf7 Core\Src\main.o
 .debug_info    0x0000638a      0xe52 Core\Src\stm32h7xx_hal_msp.o
 .debug_info    0x000071dc      0xb35 Core\Src\stm32h7xx_it.o
 .debug_info    0x00007d11     0x15e0 Core\Src\system_stm32h7xx.o
 .debug_info    0x000092f1     0x1db5 Drivers\STM32H7xx_HAL_Driver\Src\stm32h7xx_hal.o
 .debug_info    0x0000b0a6     0x1a72 Drivers\STM32H7xx_HAL_Driver\Src\stm32h7xx_hal_cortex.o
 .debug_info    0x0000cb18     0x164c Drivers\STM32H7xx_HAL_Driver\Src\stm32h7xx_hal_gpio.o
 .debug_info    0x0000e164     0x19a7 Drivers\STM32H7xx_HAL_Driver\Src\stm32h7xx_hal_pwr_ex.o
 .debug_info    0x0000fb0b     0x179f Drivers\STM32H7xx_HAL_Driver\Src\stm32h7xx_hal_rcc.o
 .debug_info    0x000112aa     0x1af9 Drivers\STM32H7xx_HAL_Driver\Src\stm32h7xx_hal_rcc_ex.o
 .debug_info    0x00012da3     0x1868 Drivers\STM32H7xx_HAL_Driver\Src\stm32h7xx_hal_sdram.o
 .debug_info    0x0001460b     0x16ff Drivers\STM32H7xx_HAL_Driver\Src\stm32h7xx_hal_sram.o
 .debug_info    0x00015d0a     0x1582 Drivers\STM32H7xx_HAL_Driver\Src\stm32h7xx_ll_fmc.o
 .debug_info    0x0001728c       0x7b startup\startup_stm32h743xx.o

.debug_abbrev   0x00000000     0x29ba
 .debug_abbrev  0x00000000      0x1e8 Core\Src\IS42S16320F.o
 .debug_abbrev  0x000001e8      0x25e Core\Src\fmc.o
 .debug_abbrev  0x00000446      0x1f6 Core\Src\gpio.o
 .debug_abbrev  0x0000063c      0x205 Core\Src\led_task.o
 .debug_abbrev  0x00000841      0x2cf Core\Src\main.o
 .debug_abbrev  0x00000b10      0x1de Core\Src\stm32h7xx_hal_msp.o
 .debug_abbrev  0x00000cee      0x1c2 Core\Src\stm32h7xx_it.o
 .debug_abbrev  0x00000eb0      0x227 Core\Src\system_stm32h7xx.o
 .debug_abbrev  0x000010d7      0x2d2 Drivers\STM32H7xx_HAL_Driver\Src\stm32h7xx_hal.o
 .debug_abbrev  0x000013a9      0x3ae Drivers\STM32H7xx_HAL_Driver\Src\stm32h7xx_hal_cortex.o
 .debug_abbrev  0x00001757      0x288 Drivers\STM32H7xx_HAL_Driver\Src\stm32h7xx_hal_gpio.o
 .debug_abbrev  0x000019df      0x30a Drivers\STM32H7xx_HAL_Driver\Src\stm32h7xx_hal_pwr_ex.o
 .debug_abbrev  0x00001ce9      0x2db Drivers\STM32H7xx_HAL_Driver\Src\stm32h7xx_hal_rcc.o
 .debug_abbrev  0x00001fc4      0x2d4 Drivers\STM32H7xx_HAL_Driver\Src\stm32h7xx_hal_rcc_ex.o
 .debug_abbrev  0x00002298      0x286 Drivers\STM32H7xx_HAL_Driver\Src\stm32h7xx_hal_sdram.o
 .debug_abbrev  0x0000251e      0x252 Drivers\STM32H7xx_HAL_Driver\Src\stm32h7xx_hal_sram.o
 .debug_abbrev  0x00002770      0x238 Drivers\STM32H7xx_HAL_Driver\Src\stm32h7xx_ll_fmc.o
 .debug_abbrev  0x000029a8       0x12 startup\startup_stm32h743xx.o

.debug_aranges  0x00000000      0xa28
 .debug_aranges
                0x00000000       0x20 Core\Src\IS42S16320F.o
 .debug_aranges
                0x00000020       0x50 Core\Src\fmc.o
 .debug_aranges
                0x00000070       0x20 Core\Src\gpio.o
 .debug_aranges
                0x00000090       0x30 Core\Src\led_task.o
 .debug_aranges
                0x000000c0       0x48 Core\Src\main.o
 .debug_aranges
                0x00000108       0x20 Core\Src\stm32h7xx_hal_msp.o
 .debug_aranges
                0x00000128       0x60 Core\Src\stm32h7xx_it.o
 .debug_aranges
                0x00000188       0x28 Core\Src\system_stm32h7xx.o
 .debug_aranges
                0x000001b0      0x198 Drivers\STM32H7xx_HAL_Driver\Src\stm32h7xx_hal.o
 .debug_aranges
                0x00000348      0x120 Drivers\STM32H7xx_HAL_Driver\Src\stm32h7xx_hal_cortex.o
 .debug_aranges
                0x00000468       0x58 Drivers\STM32H7xx_HAL_Driver\Src\stm32h7xx_hal_gpio.o
 .debug_aranges
                0x000004c0      0x158 Drivers\STM32H7xx_HAL_Driver\Src\stm32h7xx_hal_pwr_ex.o
 .debug_aranges
                0x00000618       0x88 Drivers\STM32H7xx_HAL_Driver\Src\stm32h7xx_hal_rcc.o
 .debug_aranges
                0x000006a0       0xf8 Drivers\STM32H7xx_HAL_Driver\Src\stm32h7xx_hal_rcc_ex.o
 .debug_aranges
                0x00000798       0xe8 Drivers\STM32H7xx_HAL_Driver\Src\stm32h7xx_hal_sdram.o
 .debug_aranges
                0x00000880       0xb8 Drivers\STM32H7xx_HAL_Driver\Src\stm32h7xx_hal_sram.o
 .debug_aranges
                0x00000938       0xc8 Drivers\STM32H7xx_HAL_Driver\Src\stm32h7xx_ll_fmc.o
 .debug_aranges
                0x00000a00       0x28 startup\startup_stm32h743xx.o

.debug_ranges   0x00000000      0x910
 .debug_ranges  0x00000000       0x10 Core\Src\IS42S16320F.o
 .debug_ranges  0x00000010       0x40 Core\Src\fmc.o
 .debug_ranges  0x00000050       0x10 Core\Src\gpio.o
 .debug_ranges  0x00000060       0x20 Core\Src\led_task.o
 .debug_ranges  0x00000080       0x38 Core\Src\main.o
 .debug_ranges  0x000000b8       0x10 Core\Src\stm32h7xx_hal_msp.o
 .debug_ranges  0x000000c8       0x50 Core\Src\stm32h7xx_it.o
 .debug_ranges  0x00000118       0x18 Core\Src\system_stm32h7xx.o
 .debug_ranges  0x00000130      0x188 Drivers\STM32H7xx_HAL_Driver\Src\stm32h7xx_hal.o
 .debug_ranges  0x000002b8      0x110 Drivers\STM32H7xx_HAL_Driver\Src\stm32h7xx_hal_cortex.o
 .debug_ranges  0x000003c8       0x48 Drivers\STM32H7xx_HAL_Driver\Src\stm32h7xx_hal_gpio.o
 .debug_ranges  0x00000410      0x148 Drivers\STM32H7xx_HAL_Driver\Src\stm32h7xx_hal_pwr_ex.o
 .debug_ranges  0x00000558       0x78 Drivers\STM32H7xx_HAL_Driver\Src\stm32h7xx_hal_rcc.o
 .debug_ranges  0x000005d0       0xe8 Drivers\STM32H7xx_HAL_Driver\Src\stm32h7xx_hal_rcc_ex.o
 .debug_ranges  0x000006b8       0xd8 Drivers\STM32H7xx_HAL_Driver\Src\stm32h7xx_hal_sdram.o
 .debug_ranges  0x00000790       0xa8 Drivers\STM32H7xx_HAL_Driver\Src\stm32h7xx_hal_sram.o
 .debug_ranges  0x00000838       0xb8 Drivers\STM32H7xx_HAL_Driver\Src\stm32h7xx_ll_fmc.o
 .debug_ranges  0x000008f0       0x20 startup\startup_stm32h743xx.o

.debug_line     0x00000000     0x5d5b
 .debug_line    0x00000000      0x36d Core\Src\IS42S16320F.o
 .debug_line    0x0000036d      0x49d Core\Src\fmc.o
 .debug_line    0x0000080a      0x377 Core\Src\gpio.o
 .debug_line    0x00000b81      0x34d Core\Src\led_task.o
 .debug_line    0x00000ece      0x4df Core\Src\main.o
 .debug_line    0x000013ad      0x316 Core\Src\stm32h7xx_hal_msp.o
 .debug_line    0x000016c3      0x39c Core\Src\stm32h7xx_it.o
 .debug_line    0x00001a5f      0x36e Core\Src\system_stm32h7xx.o
 .debug_line    0x00001dcd      0x6d6 Drivers\STM32H7xx_HAL_Driver\Src\stm32h7xx_hal.o
 .debug_line    0x000024a3      0x686 Drivers\STM32H7xx_HAL_Driver\Src\stm32h7xx_hal_cortex.o
 .debug_line    0x00002b29      0x52e Drivers\STM32H7xx_HAL_Driver\Src\stm32h7xx_hal_gpio.o
 .debug_line    0x00003057      0x739 Drivers\STM32H7xx_HAL_Driver\Src\stm32h7xx_hal_pwr_ex.o
 .debug_line    0x00003790      0x72f Drivers\STM32H7xx_HAL_Driver\Src\stm32h7xx_hal_rcc.o
 .debug_line    0x00003ebf      0xa32 Drivers\STM32H7xx_HAL_Driver\Src\stm32h7xx_hal_rcc_ex.o
 .debug_line    0x000048f1      0x76b Drivers\STM32H7xx_HAL_Driver\Src\stm32h7xx_hal_sdram.o
 .debug_line    0x0000505c      0x711 Drivers\STM32H7xx_HAL_Driver\Src\stm32h7xx_hal_sram.o
 .debug_line    0x0000576d      0x56d Drivers\STM32H7xx_HAL_Driver\Src\stm32h7xx_ll_fmc.o
 .debug_line    0x00005cda       0x81 startup\startup_stm32h743xx.o

.debug_str      0x00000000     0x464d
 .debug_str     0x00000000      0xcf3 Core\Src\IS42S16320F.o
                                0xdf1 (size before relaxing)
 .debug_str     0x00000cf3      0x939 Core\Src\fmc.o
                               0x169c (size before relaxing)
 .debug_str     0x0000162c       0x3c Core\Src\gpio.o
                                0xb6e (size before relaxing)
 .debug_str     0x00001668       0x46 Core\Src\led_task.o
                                0x913 (size before relaxing)
 .debug_str     0x000016ae      0x3da Core\Src\main.o
                               0x132a (size before relaxing)
 .debug_str     0x00001a88       0x2c Core\Src\stm32h7xx_hal_msp.o
                                0xadd (size before relaxing)
 .debug_str     0x00001ab4       0xab Core\Src\stm32h7xx_it.o
                                0x932 (size before relaxing)
 .debug_str     0x00001b5f      0x1f1 Core\Src\system_stm32h7xx.o
                                0xdd9 (size before relaxing)
 .debug_str     0x00001d50      0xe6d Drivers\STM32H7xx_HAL_Driver\Src\stm32h7xx_hal.o
                               0x1a7c (size before relaxing)
 .debug_str     0x00002bbd      0x498 Drivers\STM32H7xx_HAL_Driver\Src\stm32h7xx_hal_cortex.o
                               0x170f (size before relaxing)
 .debug_str     0x00003055      0x11d Drivers\STM32H7xx_HAL_Driver\Src\stm32h7xx_hal_gpio.o
                                0xdbf (size before relaxing)
 .debug_str     0x00003172      0x550 Drivers\STM32H7xx_HAL_Driver\Src\stm32h7xx_hal_pwr_ex.o
                               0x1102 (size before relaxing)
 .debug_str     0x000036c2      0x1d0 Drivers\STM32H7xx_HAL_Driver\Src\stm32h7xx_hal_rcc.o
                               0x1085 (size before relaxing)
 .debug_str     0x00003892      0x5f1 Drivers\STM32H7xx_HAL_Driver\Src\stm32h7xx_hal_rcc_ex.o
                               0x1561 (size before relaxing)
 .debug_str     0x00003e83      0x2af Drivers\STM32H7xx_HAL_Driver\Src\stm32h7xx_hal_sdram.o
                               0x114f (size before relaxing)
 .debug_str     0x00004132      0x1c6 Drivers\STM32H7xx_HAL_Driver\Src\stm32h7xx_hal_sram.o
                               0x1031 (size before relaxing)
 .debug_str     0x000042f8      0x355 Drivers\STM32H7xx_HAL_Driver\Src\stm32h7xx_ll_fmc.o
                                0xf98 (size before relaxing)

.comment        0x00000000       0x7c
 .comment       0x00000000       0x7c Core\Src\IS42S16320F.o
                                 0x7d (size before relaxing)
 .comment       0x0000007c       0x7d Core\Src\fmc.o
 .comment       0x0000007c       0x7d Core\Src\gpio.o
 .comment       0x0000007c       0x7d Core\Src\led_task.o
 .comment       0x0000007c       0x7d Core\Src\main.o
 .comment       0x0000007c       0x7d Core\Src\stm32h7xx_hal_msp.o
 .comment       0x0000007c       0x7d Core\Src\stm32h7xx_it.o
 .comment       0x0000007c       0x7d Core\Src\system_stm32h7xx.o
 .comment       0x0000007c       0x7d Drivers\STM32H7xx_HAL_Driver\Src\stm32h7xx_hal.o
 .comment       0x0000007c       0x7d Drivers\STM32H7xx_HAL_Driver\Src\stm32h7xx_hal_cortex.o
 .comment       0x0000007c       0x7d Drivers\STM32H7xx_HAL_Driver\Src\stm32h7xx_hal_gpio.o
 .comment       0x0000007c       0x7d Drivers\STM32H7xx_HAL_Driver\Src\stm32h7xx_hal_pwr_ex.o
 .comment       0x0000007c       0x7d Drivers\STM32H7xx_HAL_Driver\Src\stm32h7xx_hal_rcc.o
 .comment       0x0000007c       0x7d Drivers\STM32H7xx_HAL_Driver\Src\stm32h7xx_hal_rcc_ex.o
 .comment       0x0000007c       0x7d Drivers\STM32H7xx_HAL_Driver\Src\stm32h7xx_hal_sdram.o
 .comment       0x0000007c       0x7d Drivers\STM32H7xx_HAL_Driver\Src\stm32h7xx_hal_sram.o
 .comment       0x0000007c       0x7d Drivers\STM32H7xx_HAL_Driver\Src\stm32h7xx_ll_fmc.o

.debug_frame    0x00000000     0x272c
 .debug_frame   0x00000000       0x34 Core\Src\IS42S16320F.o
 .debug_frame   0x00000034      0x108 Core\Src\fmc.o
 .debug_frame   0x0000013c       0x38 Core\Src\gpio.o
 .debug_frame   0x00000174       0x74 Core\Src\led_task.o
 .debug_frame   0x000001e8       0xe4 Core\Src\main.o
 .debug_frame   0x000002cc       0x38 Core\Src\stm32h7xx_hal_msp.o
 .debug_frame   0x00000304      0x104 Core\Src\stm32h7xx_it.o
 .debug_frame   0x00000408       0x58 Core\Src\system_stm32h7xx.o
 .debug_frame   0x00000460      0x690 Drivers\STM32H7xx_HAL_Driver\Src\stm32h7xx_hal.o
 .debug_frame   0x00000af0      0x4b8 Drivers\STM32H7xx_HAL_Driver\Src\stm32h7xx_hal_cortex.o
 .debug_frame   0x00000fa8      0x14c Drivers\STM32H7xx_HAL_Driver\Src\stm32h7xx_hal_gpio.o
 .debug_frame   0x000010f4      0x580 Drivers\STM32H7xx_HAL_Driver\Src\stm32h7xx_hal_pwr_ex.o
 .debug_frame   0x00001674      0x1f8 Drivers\STM32H7xx_HAL_Driver\Src\stm32h7xx_hal_rcc.o
 .debug_frame   0x0000186c      0x3f4 Drivers\STM32H7xx_HAL_Driver\Src\stm32h7xx_hal_rcc_ex.o
 .debug_frame   0x00001c60      0x3f0 Drivers\STM32H7xx_HAL_Driver\Src\stm32h7xx_hal_sdram.o
 .debug_frame   0x00002050      0x314 Drivers\STM32H7xx_HAL_Driver\Src\stm32h7xx_hal_sram.o
 .debug_frame   0x00002364      0x37c Drivers\STM32H7xx_HAL_Driver\Src\stm32h7xx_ll_fmc.o
 .debug_frame   0x000026e0       0x2c c:/program files (x86)/atollic/truestudio for stm32 9.3.0/armtools/bin/../lib/gcc/arm-atollic-eabi/6.3.1/../../../../arm-atollic-eabi/lib/armv7e-m/fpu/fpv5-d16\libc_nano.a(lib_a-init.o)
 .debug_frame   0x0000270c       0x20 c:/program files (x86)/atollic/truestudio for stm32 9.3.0/armtools/bin/../lib/gcc/arm-atollic-eabi/6.3.1/../../../../arm-atollic-eabi/lib/armv7e-m/fpu/fpv5-d16\libc_nano.a(lib_a-memset.o)
